// Jest Snapshot v1, https://goo.gl/fbAQLP

exports[`Logo Icon renders correctly 1`] = `
<img
  className="sc-bdVaJa ibrkLT"
/>
`;
