// Jest Snapshot v1, https://goo.gl/fbAQLP

exports[`Sidebar Close Button renders correctly 1`] = `
<button
  className="sc-bdVaJa gAPlTG"
>
  X
</button>
`;
