// Jest Snapshot v1, https://goo.gl/fbAQLP

exports[`Sidebar Title renders correctly 1`] = `
<h2
  className="sc-bdVaJa hwtrNY"
>
  Sidebar Title
</h2>
`;
