// Jest Snapshot v1, https://goo.gl/fbAQLP

exports[`Character Figure renders correctly 1`] = `
<figure
  className="sc-bdVaJa hjRdrm"
/>
`;
