// Jest Snapshot v1, https://goo.gl/fbAQLP

exports[`Character Image renders correctly 1`] = `
<img
  className="sc-bdVaJa fpBYsu"
/>
`;
