// Jest Snapshot v1, https://goo.gl/fbAQLP

exports[`Character Label renders correctly 1`] = `
<label
  className="sc-bdVaJa gZaPKc"
/>
`;
