// Jest Snapshot v1, https://goo.gl/fbAQLP

exports[`Settings Checkbox renders correctly 1`] = `
<label
  className="sc-bdVaJa jTaxDY"
>
  <input
    type="checkbox"
  />
</label>
`;
