// Jest Snapshot v1, https://goo.gl/fbAQLP

exports[`Settings Item renders correctly 1`] = `
<div
  className="sc-bdVaJa EXKLM"
/>
`;
