// Jest Snapshot v1, https://goo.gl/fbAQLP

exports[`Settings Item Text renders correctly 1`] = `
<p
  className=""
>
  Hello World!
</p>
`;
