// Jest Snapshot v1, https://goo.gl/fbAQLP

exports[`Countdown container renders without crashing 1`] = `"2:00"`;
