// Jest Snapshot v1, https://goo.gl/fbAQLP

exports[`Toolbar Item renders correctly 1`] = `
<button
  className="sc-bdVaJa jsCjUK"
>
  Item
</button>
`;
