// Jest Snapshot v1, https://goo.gl/fbAQLP

exports[`AttributionText renders correctly 1`] = `
<footer
  className="sc-fAjcbJ GMInb"
/>
`;
