// Jest Snapshot v1, https://goo.gl/fbAQLP

exports[`FlexSection renders correctly 1`] = `
<section
  className="sc-jKJlTe ePPhtO"
/>
`;
