// Jest Snapshot v1, https://goo.gl/fbAQLP

exports[`FlexWrapper renders correctly 1`] = `
<div
  className="sc-gqjmRU jQJlgk"
/>
`;
