// Jest Snapshot v1, https://goo.gl/fbAQLP

exports[`FlexGrid renders correctly 1`] = `
<ul
  className="sc-kpOJdX iGVZUe"
/>
`;
