// Jest Snapshot v1, https://goo.gl/fbAQLP

exports[`Footer renders correctly 1`] = `
.c0 {
  display: -webkit-box;
  display: -webkit-flex;
  display: -ms-flexbox;
  display: flex;
  -webkit-flex-direction: column;
  -ms-flex-direction: column;
  flex-direction: column;
  -webkit-align-items: center;
  -webkit-box-align: center;
  -ms-flex-align: center;
  align-items: center;
  background-color: #222;
  min-height: 50px;
  padding: 10px;
  color: white;
  box-sizing: border-box;
  position: absolute;
  bottom: 0;
  left: 0;
  width: 100%;
  z-index: 999;
}

@media (min-width:48em) {
  .c0 {
    -webkit-flex-direction: row;
    -ms-flex-direction: row;
    flex-direction: row;
    position: relative;
  }
}

<footer
  className="c0"
/>
`;
