// Jest Snapshot v1, https://goo.gl/fbAQLP

exports[`HR renders correctly 1`] = `
<hr
  className="sc-EHOje dmdjAh"
/>
`;
