// Jest Snapshot v1, https://goo.gl/fbAQLP

exports[`Paragraph renders correctly 1`] = `
<p
  className="sc-ifAKCX fzsPWn"
/>
`;
