// Jest Snapshot v1, https://goo.gl/fbAQLP

exports[`PlaySection renders correctly 1`] = `
<section
  className="sc-Rmtcm cyzHG"
/>
`;
