// Jest Snapshot v1, https://goo.gl/fbAQLP

exports[`PlayDiv renders correctly 1`] = `
.c0 {
  display: -webkit-box;
  display: -webkit-flex;
  display: -ms-flexbox;
  display: flex;
  -webkit-flex-direction: column;
  -ms-flex-direction: column;
  flex-direction: column;
  -webkit-align-items: center;
  -webkit-box-align: center;
  -ms-flex-align: center;
  align-items: center;
  padding: 0;
  box-sizing: border-box;
}

@media (min-width:48em) {
  .c0 {
    margin-top: 2em;
  }
}

@media (min-width:62em) {
  .c0 {
    -webkit-flex-direction: row;
    -ms-flex-direction: row;
    flex-direction: row;
    margin: 1em;
    margin-top: 3em;
  }
}

<div
  className="c0"
/>
`;
