// Jest Snapshot v1, https://goo.gl/fbAQLP

exports[`PlayMode renders correctly 1`] = `
<p
  className="sc-dVhcbM cQDrgk"
/>
`;
