// Jest Snapshot v1, https://goo.gl/fbAQLP

exports[`Card Body Result renders correctly 1`] = `
<h3
  className="sc-bdVaJa hyvANh"
/>
`;
