// Jest Snapshot v1, https://goo.gl/fbAQLP

exports[`Card Hint Message renders correctly 1`] = `
<div
  className="sc-bdVaJa hhyfjP"
/>
`;
