// Jest Snapshot v1, https://goo.gl/fbAQLP

exports[`Card Hint renders correctly 1`] = `
<button
  className="sc-bdVaJa iKnYXY"
/>
`;
