// Jest Snapshot v1, https://goo.gl/fbAQLP

exports[`Card Ribbon renders correctly 1`] = `
<p
  className="sc-bwzfXH kLTDYJ"
/>
`;
