// Jest Snapshot v1, https://goo.gl/fbAQLP

exports[`Card Title renders correctly 1`] = `
<h2
  className="sc-bdVaJa jkvLQu"
/>
`;
