// Jest Snapshot v1, https://goo.gl/fbAQLP

exports[`GameUI Icon adds blink modifier 1`] = `
<li
  className="sc-bdVaJa OHkvc"
>
  Icon
</li>
`;

exports[`GameUI Icon renders correctly 1`] = `
<li
  className="sc-bdVaJa OHkvc"
>
  Icon
</li>
`;
